// Jest Snapshot v1, https://goo.gl/fbAQLP

exports[`EventCard Component matches snapshot 1`] = `
<DocumentFragment>
  <div
    class="glass-effect rounded-xl overflow-hidden group cursor-pointer shadow-lg transition-shadow duration-300 hover:shadow-2xl"
    data-testid="event-card"
  >
    <div
      class="relative h-48 overflow-hidden"
      data-testid="event-image-container"
    >
      <img
        alt="Music Festival"
        class="w-full h-full object-cover group-hover:scale-110 transition-transform duration-300"
        data-testid="event-image"
        src="https://via.placeholder.com/150"
      />
      <div
        class="absolute top-4 right-4 px-3 py-1 rounded-full glass-effect text-sm font-medium"
        data-testid="event-category"
        style="color: rgb(255, 255, 255);"
      >
        Concert
      </div>
    </div>
    <div
      class="p-6 space-y-4"
      data-testid="event-content"
    >
      <h3
        class="text-xl font-semibold"
        data-testid="event-title"
      >
        Music Festival
      </h3>
      <div
        class="space-y-2"
        data-testid="event-details"
      >
        <div
          class="flex items-center space-x-2"
          data-testid="event-date"
        >
          <svg
            class="lucide lucide-calendar h-4 w-4"
            fill="none"
            height="24"
            stroke="currentColor"
            stroke-linecap="round"
            stroke-linejoin="round"
            stroke-width="2"
            viewBox="0 0 24 24"
            width="24"
            xmlns="http://www.w3.org/2000/svg"
          >
            <path
              d="M8 2v4"
            />
            <path
              d="M16 2v4"
            />
            <rect
              height="18"
              rx="2"
              width="18"
              x="3"
              y="4"
            />
            <path
              d="M3 10h18"
            />
          </svg>
          <span
            class="text-sm"
          >
            July 25, 2024
          </span>
        </div>
        <div
          class="flex items-center space-x-2"
          data-testid="event-location"
        >
          <svg
            class="lucide lucide-map-pin h-4 w-4"
            fill="none"
            height="24"
            stroke="currentColor"
            stroke-linecap="round"
            stroke-linejoin="round"
            stroke-width="2"
            viewBox="0 0 24 24"
            width="24"
            xmlns="http://www.w3.org/2000/svg"
          >
            <path
              d="M20 10c0 6-8 12-8 12s-8-6-8-12a8 8 0 0 1 16 0Z"
            />
            <circle
              cx="12"
              cy="10"
              r="3"
            />
          </svg>
          <span
            class="text-sm"
          >
            New York City
          </span>
        </div>
      </div>
    </div>
  </div>
</DocumentFragment>
`;
